C:/TouchGFXProjects/test_ostateczny/Core/Src/stm32f4xx_hal_msp.c:66:6:HAL_MspInit	8	static
C:/TouchGFXProjects/test_ostateczny/Core/Src/stm32f4xx_hal_msp.c:90:6:HAL_ADC_MspInit	40	static
C:/TouchGFXProjects/test_ostateczny/Core/Src/stm32f4xx_hal_msp.c:126:6:HAL_ADC_MspDeInit	8	static
C:/TouchGFXProjects/test_ostateczny/Core/Src/stm32f4xx_hal_msp.c:156:6:HAL_CRC_MspInit	8	static
C:/TouchGFXProjects/test_ostateczny/Core/Src/stm32f4xx_hal_msp.c:178:6:HAL_CRC_MspDeInit	0	static
C:/TouchGFXProjects/test_ostateczny/Core/Src/stm32f4xx_hal_msp.c:200:6:HAL_DMA2D_MspInit	16	static
C:/TouchGFXProjects/test_ostateczny/Core/Src/stm32f4xx_hal_msp.c:225:6:HAL_DMA2D_MspDeInit	0	static
C:/TouchGFXProjects/test_ostateczny/Core/Src/stm32f4xx_hal_msp.c:250:6:HAL_DSI_MspInit	40	static
C:/TouchGFXProjects/test_ostateczny/Core/Src/stm32f4xx_hal_msp.c:288:6:HAL_DSI_MspDeInit	8	static
C:/TouchGFXProjects/test_ostateczny/Core/Src/stm32f4xx_hal_msp.c:318:6:HAL_I2C_MspInit	48	static
C:/TouchGFXProjects/test_ostateczny/Core/Src/stm32f4xx_hal_msp.c:361:6:HAL_I2C_MspDeInit	8	static
C:/TouchGFXProjects/test_ostateczny/Core/Src/stm32f4xx_hal_msp.c:392:6:HAL_LTDC_MspInit	72	static
C:/TouchGFXProjects/test_ostateczny/Core/Src/stm32f4xx_hal_msp.c:430:6:HAL_LTDC_MspDeInit	0	static
C:/TouchGFXProjects/test_ostateczny/Core/Src/stm32f4xx_hal_msp.c:455:6:HAL_QSPI_MspInit	56	static
C:/TouchGFXProjects/test_ostateczny/Core/Src/stm32f4xx_hal_msp.c:510:6:HAL_QSPI_MspDeInit	8	static
C:/TouchGFXProjects/test_ostateczny/Core/Src/stm32f4xx_hal_msp.c:546:6:HAL_TIM_PWM_MspInit	8	static
C:/TouchGFXProjects/test_ostateczny/Core/Src/stm32f4xx_hal_msp.c:562:6:HAL_TIM_MspPostInit	32	static
C:/TouchGFXProjects/test_ostateczny/Core/Src/stm32f4xx_hal_msp.c:594:6:HAL_TIM_PWM_MspDeInit	0	static
C:/TouchGFXProjects/test_ostateczny/Core/Src/stm32f4xx_hal_msp.c:747:6:HAL_SDRAM_MspInit	48	static
C:/TouchGFXProjects/test_ostateczny/Core/Src/stm32f4xx_hal_msp.c:857:6:HAL_SDRAM_MspDeInit	8	static
