../../Middlewares/ST/touchgfx/framework/include/touchgfx/Screen.hpp:104:18:virtual void touchgfx::Screen::afterTransition()	0	static
../../Middlewares/ST/touchgfx/framework/include/touchgfx/Screen.hpp:144:18:virtual void touchgfx::Screen::handleTickEvent()	0	static
../../Middlewares/ST/touchgfx/framework/include/touchgfx/Screen.hpp:154:18:virtual void touchgfx::Screen::handleKeyEvent(uint8_t)	0	static
C:/TouchGFXProjects/test_ostateczny/TouchGFX/gui/src/screen1_screen/Screen1View.cpp:18:6:virtual void Screen1View::tearDownScreen()	0	static
C:/TouchGFXProjects/test_ostateczny/TouchGFX/gui/src/screen1_screen/Screen1View.cpp:48:6:virtual void Screen1View::ResetButtonClicked()	0	static
../../TouchGFX/gui/include/gui/screen1_screen/Screen1View.hpp:11:13:Screen1View::~Screen1View()	8	static
../../TouchGFX/gui/include/gui/screen1_screen/Screen1View.hpp:11:13:virtual Screen1View::~Screen1View()	8	static
../../Middlewares/ST/touchgfx/framework/include/touchgfx/widgets/canvas/CWRUtil.hpp:828:15:static touchgfx::CWRUtil::Q5 touchgfx::CWRUtil::muldiv_toQ5(int32_t, int32_t, int32_t)	24	static
../../Middlewares/ST/touchgfx/framework/include/touchgfx/widgets/graph/AbstractDataGraph.hpp:438:18:virtual void touchgfx::AbstractDataGraph::setGraphRangeX(int, int)	4	static
C:/TouchGFXProjects/test_ostateczny/TouchGFX/gui/src/screen1_screen/Screen1View.cpp:53:6:virtual void Screen1View::XupButtonClicked()	8	static
C:/TouchGFXProjects/test_ostateczny/TouchGFX/gui/src/screen1_screen/Screen1View.cpp:64:6:virtual void Screen1View::XdownButtonClicked()	8	static
../../Middlewares/ST/touchgfx/framework/include/touchgfx/widgets/graph/AbstractDataGraph.hpp:513:18:virtual void touchgfx::AbstractDataGraph::setGraphRangeY(float, float)	0	static
C:/TouchGFXProjects/test_ostateczny/TouchGFX/gui/src/screen1_screen/Screen1View.cpp:9:6:virtual void Screen1View::setupScreen()	24	static
C:/TouchGFXProjects/test_ostateczny/TouchGFX/gui/src/screen1_screen/Screen1View.cpp:75:6:virtual void Screen1View::YupButtonClicked()	8	static
C:/TouchGFXProjects/test_ostateczny/TouchGFX/gui/src/screen1_screen/Screen1View.cpp:84:6:virtual void Screen1View::YdownButtonClicked()	16	static
C:/TouchGFXProjects/test_ostateczny/TouchGFX/gui/src/screen1_screen/Screen1View.cpp:4:1:Screen1View::Screen1View()	8	static
C:/TouchGFXProjects/test_ostateczny/TouchGFX/gui/src/screen1_screen/Screen1View.cpp:23:6:void Screen1View::UpdateGraph(float)	0	static
C:/TouchGFXProjects/test_ostateczny/TouchGFX/gui/src/screen1_screen/Screen1View.cpp:40:6:void Screen1View::updateInfoWidgetPosition(float)	40	static
C:/TouchGFXProjects/test_ostateczny/TouchGFX/gui/src/screen1_screen/Screen1View.cpp:28:6:virtual void Screen1View::graph1Clicked(touchgfx::AbstractDataGraph::GraphClickEvent)	8	static
C:/TouchGFXProjects/test_ostateczny/TouchGFX/gui/src/screen1_screen/Screen1View.cpp:35:6:virtual void Screen1View::graph1Dragged(touchgfx::AbstractDataGraph::GraphDragEvent)	8	static
